[    0.000000] Initializing cgroup subsys cpuset
[    0.000000] Initializing cgroup subsys cpu
[    0.000000] Initializing cgroup subsys cpuacct
[    0.000000] Linux version 4.4.0-210-generic (buildd@lgw01-amd64-009) (gcc version 5.4.0 20160609 (Ubuntu 5.4.0-6ubuntu1~16.04.12) ) #242-Ubuntu SMP Fri Apr 16 09:57:56 UTC 2021 (Ubuntu 4.4.0-210.242-generic 4.4.262)
[    0.000000] Command line: BOOT_IMAGE=/boot/vmlinuz-4.4.0-210-generic root=LABEL=cloudimg-rootfs ro console=tty1 console=ttyS0
[    0.000000] KERNEL supported cpus:
[    0.000000]   Intel GenuineIntel
[    0.000000]   AMD AuthenticAMD
[    0.000000]   Centaur CentaurHauls
[    0.000000] x86/fpu: xstate_offset[2]:  576, xstate_sizes[2]:  256
[    0.000000] x86/fpu: Supporting XSAVE feature 0x01: 'x87 floating point registers'
[    0.000000] x86/fpu: Supporting XSAVE feature 0x02: 'SSE registers'
[    0.000000] x86/fpu: Supporting XSAVE feature 0x04: 'AVX registers'
[    0.000000] x86/fpu: Enabled xstate features 0x7, context size is 832 bytes, using 'standard' format.
[    0.000000] e820: BIOS-provided physical RAM map:
[    0.000000] BIOS-e820: [mem 0x0000000000000000-0x000000000009fbff] usable
[    0.000000] BIOS-e820: [mem 0x000000000009fc00-0x000000000009ffff] reserved
[    0.000000] BIOS-e820: [mem 0x00000000000f0000-0x00000000000fffff] reserved
[    0.000000] BIOS-e820: [mem 0x0000000000100000-0x000000003ffeffff] usable
[    0.000000] BIOS-e820: [mem 0x000000003fff0000-0x000000003fffffff] ACPI data
[    0.000000] BIOS-e820: [mem 0x00000000fec00000-0x00000000fec00fff] reserved
[    0.000000] BIOS-e820: [mem 0x00000000fee00000-0x00000000fee00fff] reserved
[    0.000000] BIOS-e820: [mem 0x00000000fffc0000-0x00000000ffffffff] reserved
[    0.000000] NX (Execute Disable) protection: active
[    0.000000] SMBIOS 2.5 present.
[    0.000000] Hypervisor detected: KVM
[    0.000000] Kernel/User page tables isolation: disabled
[    0.000000] e820: last_pfn = 0x3fff0 max_arch_pfn = 0x400000000
[    0.000000] MTRR: Disabled
[    0.000000] x86/PAT: MTRRs disabled, skipping PAT initialization too.
[    0.000000] CPU MTRRs all blank - virtualized system.
[    0.000000] x86/PAT: Configuration [0-7]: WB  WT  UC- UC  WB  WT  UC- UC  
[    0.000000] found SMP MP-table at [mem 0x0009fff0-0x0009ffff] mapped at [ffff88000009fff0]
[    0.000000] Scanning 1 areas for low memory corruption
[    0.000000] RAMDISK: [mem 0x362dc000-0x37165fff]
[    0.000000] ACPI: Early table checksum verification disabled
[    0.000000] ACPI: RSDP 0x00000000000E0000 000024 (v02 VBOX  )
[    0.000000] ACPI: XSDT 0x000000003FFF0030 00003C (v01 VBOX   VBOXXSDT 00000001 ASL  00000061)
[    0.000000] ACPI: FACP 0x000000003FFF00F0 0000F4 (v04 VBOX   VBOXFACP 00000001 ASL  00000061)
[    0.000000] ACPI: DSDT 0x000000003FFF0610 002353 (v02 VBOX   VBOXBIOS 00000002 INTL 20100528)
[    0.000000] ACPI: FACS 0x000000003FFF0200 000040
[    0.000000] ACPI: FACS 0x000000003FFF0200 000040
[    0.000000] ACPI: APIC 0x000000003FFF0240 00005C (v02 VBOX   VBOXAPIC 00000001 ASL  00000061)
[    0.000000] ACPI: SSDT 0x000000003FFF02A0 00036C (v01 VBOX   VBOXCPUT 00000002 INTL 20100528)
[    0.000000] No NUMA configuration found
[    0.000000] Faking a node at [mem 0x0000000000000000-0x000000003ffeffff]
[    0.000000] NODE_DATA(0) allocated [mem 0x3ffeb000-0x3ffeffff]
[    0.000000] kvm-clock: Using msrs 4b564d01 and 4b564d00
[    0.000000] kvm-clock: cpu 0, msr 0:3ffe3001, primary cpu clock
[    0.000000] kvm-clock: using sched offset of 3122679517 cycles
[    0.000000] clocksource: kvm-clock: mask: 0xffffffffffffffff max_cycles: 0x1cd42e4dffb, max_idle_ns: 881590591483 ns
[    0.000000] Zone ranges:
[    0.000000]   DMA      [mem 0x0000000000001000-0x0000000000ffffff]
[    0.000000]   DMA32    [mem 0x0000000001000000-0x000000003ffeffff]
[    0.000000]   Normal   empty
[    0.000000]   Device   empty
[    0.000000] Movable zone start for each node
[    0.000000] Early memory node ranges
[    0.000000]   node   0: [mem 0x0000000000001000-0x000000000009efff]
[    0.000000]   node   0: [mem 0x0000000000100000-0x000000003ffeffff]
[    0.000000] Initmem setup node 0 [mem 0x0000000000001000-0x000000003ffeffff]
[    0.000000] ACPI: PM-Timer IO Port: 0x4008
[    0.000000] IOAPIC[0]: apic_id 2, version 32, address 0xfec00000, GSI 0-23
[    0.000000] ACPI: INT_SRC_OVR (bus 0 bus_irq 0 global_irq 2 dfl dfl)
[    0.000000] ACPI: INT_SRC_OVR (bus 0 bus_irq 9 global_irq 9 low level)
[    0.000000] Using ACPI (MADT) for SMP configuration information
[    0.000000] smpboot: Allowing 2 CPUs, 0 hotplug CPUs
[    0.000000] PM: Registered nosave memory: [mem 0x00000000-0x00000fff]
[    0.000000] PM: Registered nosave memory: [mem 0x0009f000-0x0009ffff]
[    0.000000] PM: Registered nosave memory: [mem 0x000a0000-0x000effff]
[    0.000000] PM: Registered nosave memory: [mem 0x000f0000-0x000fffff]
[    0.000000] e820: [mem 0x40000000-0xfebfffff] available for PCI devices
[    0.000000] Booting paravirtualized kernel on KVM
[    0.000000] clocksource: refined-jiffies: mask: 0xffffffff max_cycles: 0xffffffff, max_idle_ns: 7645519600211568 ns
[    0.000000] setup_percpu: NR_CPUS:512 nr_cpumask_bits:512 nr_cpu_ids:2 nr_node_ids:1
[    0.000000] PERCPU: Embedded 33 pages/cpu @ffff88003fc00000 s95192 r8192 d31784 u1048576
[    0.000000] Built 1 zonelists in Node order, mobility grouping on.  Total pages: 257912
[    0.000000] Policy zone: DMA32
[    0.000000] Kernel command line: BOOT_IMAGE=/boot/vmlinuz-4.4.0-210-generic root=LABEL=cloudimg-rootfs ro console=tty1 console=ttyS0
[    0.000000] PID hash table entries: 4096 (order: 3, 32768 bytes)
[    0.000000] Memory: 997792K/1048120K available (8644K kernel code, 1332K rwdata, 4044K rodata, 1492K init, 1164K bss, 50328K reserved, 0K cma-reserved)
[    0.000000] SLUB: HWalign=64, Order=0-3, MinObjects=0, CPUs=2, Nodes=1
[    0.000000] Hierarchical RCU implementation.
[    0.000000] 	Build-time adjustment of leaf fanout to 64.
[    0.000000] 	RCU restricting CPUs from NR_CPUS=512 to nr_cpu_ids=2.
[    0.000000] RCU: Adjusting geometry for rcu_fanout_leaf=64, nr_cpu_ids=2
[    0.000000] NR_IRQS:33024 nr_irqs:440 16
[    0.000000] Console: colour VGA+ 80x25
[    0.000000] console [tty1] enabled
[    0.000000] console [ttyS0] enabled
[    0.000000] tsc: Detected 2419.202 MHz processor
[    0.116318] Calibrating delay loop (skipped) preset value.. 4838.40 BogoMIPS (lpj=9676808)
[    0.117711] pid_max: default: 32768 minimum: 301
[    0.118455] ACPI: Core revision 20150930
[    0.120018] ACPI: 2 ACPI AML tables successfully acquired and loaded
[    0.121136] Security Framework initialized
[    0.121809] Yama: becoming mindful.
[    0.122446] AppArmor: AppArmor initialized
[    0.123165] Dentry cache hash table entries: 131072 (order: 8, 1048576 bytes)
[    0.124445] Inode-cache hash table entries: 65536 (order: 7, 524288 bytes)
[    0.128674] Mount-cache hash table entries: 2048 (order: 2, 16384 bytes)
[    0.129746] Mountpoint-cache hash table entries: 2048 (order: 2, 16384 bytes)
[    0.130915] Initializing cgroup subsys io
[    0.131600] Initializing cgroup subsys memory
[    0.132382] Initializing cgroup subsys devices
[    0.133122] Initializing cgroup subsys freezer
[    0.133854] Initializing cgroup subsys net_cls
[    0.134615] Initializing cgroup subsys perf_event
[    0.135319] Initializing cgroup subsys net_prio
[    0.136091] Initializing cgroup subsys hugetlb
[    0.136822] Initializing cgroup subsys pids
[    0.142071] mce: CPU supports 0 MCE banks
[    0.142743] Last level iTLB entries: 4KB 0, 2MB 0, 4MB 0
[    0.143570] Last level dTLB entries: 4KB 0, 2MB 0, 4MB 0, 1GB 0
[    0.144662] Spectre V1 : Mitigation: usercopy/swapgs barriers and __user pointer sanitization
[    0.146125] Spectre V2 : Mitigation: Full generic retpoline
[    0.146991] Spectre V2 : Spectre v2 / SpectreRSB mitigation: Filling RSB on context switch
[    0.148306] Speculative Store Bypass: Vulnerable
[    0.151444] Freeing SMP alternatives memory: 36K
[    0.157766] ftrace: allocating 32380 entries in 127 pages
[    0.223605] smpboot: APIC(0) Converting physical 0 to logical package 0
[    0.226963] smpboot: Max logical packages: 1
[    0.229026] x2apic enabled
[    0.230553] Switched APIC routing to physical x2apic.
[    0.233832] ..TIMER: vector=0x30 apic1=0 pin1=2 apic2=-1 pin2=-1
[    0.343791] smpboot: CPU0: 11th Gen Intel(R) Core(TM) i5-1135G7 @ 2.40GHz (family: 0x6, model: 0x8c, stepping: 0x1)
[    0.346742] Performance Events: unsupported p6 CPU model 140 no PMU driver, software events only.
[    0.357609] KVM setup paravirtual spinlock
[    0.359249] x86: Booting SMP configuration:
[    0.360203] .... node  #0, CPUs:      #1
[    0.361397] kvm-clock: cpu 1, msr 0:3ffe3041, secondary cpu clock
[    0.366979] mce: CPU supports 0 MCE banks
[    0.369639] x86: Booted up 1 node, 2 CPUs
[    0.370598] smpboot: Total of 2 processors activated (9676.80 BogoMIPS)
[    0.371975] devtmpfs: initialized
[    0.373633] evm: security.selinux
[    0.374348] evm: security.SMACK64
[    0.375040] evm: security.SMACK64EXEC
[    0.375775] evm: security.SMACK64TRANSMUTE
[    0.376571] evm: security.SMACK64MMAP
[    0.377273] evm: security.ima
[    0.377981] evm: security.capability
[    0.378841] clocksource: jiffies: mask: 0xffffffff max_cycles: 0xffffffff, max_idle_ns: 7645041785100000 ns
[    0.380659] futex hash table entries: 512 (order: 3, 32768 bytes)
[    0.381776] pinctrl core: initialized pinctrl subsystem
[    0.382789] RTC time: 11:01:01, date: 05/06/24
[    0.387022] NET: Registered protocol family 16
[    0.401009] cpuidle: using governor ladder
[    0.412132] cpuidle: using governor menu
[    0.412963] PCCT header not found.
[    0.415468] ACPI: bus type PCI registered
[    0.417133] acpiphp: ACPI Hot Plug PCI Controller Driver version: 0.5
[    0.419693] PCI: Using configuration type 1 for base access
[    0.433868] ACPI: Added _OSI(Module Device)
[    0.434501] ACPI: Added _OSI(Processor Device)
[    0.435943] ACPI: Added _OSI(3.0 _SCP Extensions)
[    0.437582] ACPI: Added _OSI(Processor Aggregator Device)
[    0.440910] ACPI: Executed 1 blocks of module-level executable AML code
[    0.447555] ACPI: Interpreter enabled
[    0.448941] ACPI: (supports S0 S5)
[    0.450267] ACPI: Using IOAPIC for interrupt routing
[    0.452313] PCI: Using host bridge windows from ACPI; if necessary, use "pci=nocrs" and report a bug
[    0.462188] ACPI: PCI Root Bridge [PCI0] (domain 0000 [bus 00-ff])
[    0.464263] acpi PNP0A03:00: _OSC: OS supports [ASPM ClockPM Segments MSI]
[    0.467026] acpi PNP0A03:00: _OSC: not requesting OS control; OS requires [ExtendedConfig ASPM ClockPM MSI]
[    0.469916] acpi PNP0A03:00: fail to add MMCONFIG information, can't access extended PCI configuration space under this bridge.
[    0.473362] PCI host bridge to bus 0000:00
[    0.474446] pci_bus 0000:00: root bus resource [io  0x0000-0x0cf7 window]
[    0.475909] pci_bus 0000:00: root bus resource [io  0x0d00-0xffff window]
[    0.477266] pci_bus 0000:00: root bus resource [mem 0x000a0000-0x000bffff window]
[    0.479046] pci_bus 0000:00: root bus resource [mem 0x40000000-0xfdffffff window]
[    0.480787] pci_bus 0000:00: root bus resource [bus 00-ff]
[    0.483635] pci 0000:00:01.1: legacy IDE quirk: reg 0x10: [io  0x01f0-0x01f7]
[    0.484768] pci 0000:00:01.1: legacy IDE quirk: reg 0x14: [io  0x03f6]
[    0.485774] pci 0000:00:01.1: legacy IDE quirk: reg 0x18: [io  0x0170-0x0177]
[    0.486852] pci 0000:00:01.1: legacy IDE quirk: reg 0x1c: [io  0x0376]
[    0.496979] pci 0000:00:07.0: quirk: [io  0x4000-0x403f] claimed by PIIX4 ACPI
[    0.509924] pci 0000:00:07.0: quirk: [io  0x4100-0x410f] claimed by PIIX4 SMB
[    0.518189] ACPI: PCI Interrupt Link [LNKA] (IRQs 5 9 10 *11)
[    0.520764] ACPI: PCI Interrupt Link [LNKB] (IRQs 5 9 *10 11)
[    0.522103] ACPI: PCI Interrupt Link [LNKC] (IRQs 5 *9 10 11)
[    0.523327] ACPI: PCI Interrupt Link [LNKD] (IRQs 5 9 10 *11)
[    0.524567] ACPI: Enabled 2 GPEs in block 00 to 07
[    0.525628] vgaarb: setting as boot device: PCI:0000:00:02.0
[    0.526511] vgaarb: device added: PCI:0000:00:02.0,decodes=io+mem,owns=io+mem,locks=none
[    0.527831] vgaarb: loaded
[    0.528359] vgaarb: bridge control possible 0000:00:02.0
[    0.529409] SCSI subsystem initialized
[    0.530122] ACPI: bus type USB registered
[    0.530831] usbcore: registered new interface driver usbfs
[    0.531708] usbcore: registered new interface driver hub
[    0.532565] usbcore: registered new device driver usb
[    0.533569] PCI: Using ACPI for IRQ routing
[    0.534501] NetLabel: Initializing
[    0.535099] NetLabel:  domain hash size = 128
[    0.535820] NetLabel:  protocols = UNLABELED CIPSOv4
[    0.536713] NetLabel:  unlabeled traffic allowed by default
[    0.537797] amd_nb: Cannot enumerate AMD northbridges
[    0.538615] clocksource: Switched to clocksource kvm-clock
[    0.550095] AppArmor: AppArmor Filesystem Enabled
[    0.550929] pnp: PnP ACPI init
[    0.552193] pnp: PnP ACPI: found 3 devices
[    0.560645] clocksource: acpi_pm: mask: 0xffffff max_cycles: 0xffffff, max_idle_ns: 2085701024 ns
[    0.561934] NET: Registered protocol family 2
[    0.562810] TCP established hash table entries: 8192 (order: 4, 65536 bytes)
[    0.563884] TCP bind hash table entries: 8192 (order: 5, 131072 bytes)
[    0.564861] TCP: Hash tables configured (established 8192 bind 8192)
[    0.565821] UDP hash table entries: 512 (order: 2, 16384 bytes)
[    0.566808] UDP-Lite hash table entries: 512 (order: 2, 16384 bytes)
[    0.567805] NET: Registered protocol family 1
[    0.568464] pci 0000:00:00.0: Limiting direct PCI/PCI transfers
[    0.569346] pci 0000:00:01.0: Activating ISA DMA hang workarounds
[    0.573377] Unpacking initramfs...
[    0.892900] Freeing initrd memory: 14888K
[    0.893797] clocksource: tsc: mask: 0xffffffffffffffff max_cycles: 0x22df12c5959, max_idle_ns: 440795242016 ns
[    0.895493] platform rtc_cmos: registered platform RTC device (no PNP device found)
[    0.896835] Scanning for low memory corruption every 60 seconds
[    0.898176] audit: initializing netlink subsys (disabled)
[    0.899184] audit: type=2000 audit(1714993266.201:1): initialized
[    0.900428] Initialise system trusted keyring
[    0.901502] HugeTLB registered 2 MB page size, pre-allocated 0 pages
[    0.903561] zbud: loaded
[    0.904657] VFS: Disk quotas dquot_6.6.0
[    0.905670] VFS: Dquot-cache hash table entries: 512 (order 0, 4096 bytes)
[    0.906796] squashfs: version 4.0 (2009/01/31) Phillip Lougher
[    0.910861] fuse init (API version 7.23)
[    0.911810] Key type big_key registered
[    0.912506] Allocating IMA MOK and blacklist keyrings.
[    0.913970] Key type asymmetric registered
[    0.914715] Asymmetric key parser 'x509' registered
[    0.915552] Block layer SCSI generic (bsg) driver version 0.4 loaded (major 249)
[    0.916813] io scheduler noop registered
[    0.917497] io scheduler deadline registered (default)
[    0.918353] io scheduler cfq registered
[    0.919125] pci_hotplug: PCI Hot Plug PCI Core version: 0.5
[    0.919985] pciehp: PCI Express Hot Plug Controller Driver version: 0.4
[    0.921034] ACPI: AC Adapter [AC] (on-line)
[    0.921804] input: Power Button as /devices/LNXSYSTM:00/LNXPWRBN:00/input/input0
[    0.923531] ACPI: Power Button [PWRF]
[    0.924487] input: Sleep Button as /devices/LNXSYSTM:00/LNXSLPBN:00/input/input1
[    0.926273] ACPI: Sleep Button [SLPF]
[    0.927131] GHES: HEST is not enabled!
[    0.927841] ACPI: Battery Slot [BAT0] (battery present)
[    0.929060] Serial: 8250/16550 driver, 32 ports, IRQ sharing enabled
[    0.950595] 00:02: ttyS0 at I/O 0x3f8 (irq = 4, base_baud = 115200) is a 16550A
[    0.953984] Linux agpgart interface v0.103
[    0.956135] loop: module loaded
[    0.957202] scsi host0: ata_piix
[    0.957891] scsi host1: ata_piix
[    0.958407] ata1: PATA max UDMA/33 cmd 0x1f0 ctl 0x3f6 bmdma 0xd000 irq 14
[    0.959396] ata2: PATA max UDMA/33 cmd 0x170 ctl 0x376 bmdma 0xd008 irq 15
[    0.960438] libphy: Fixed MDIO Bus: probed
[    0.961157] tun: Universal TUN/TAP device driver, 1.6
[    0.962039] tun: (C) 1999-2004 Max Krasnyansky <maxk@qualcomm.com>
[    0.963064] PPP generic driver version 2.4.2
[    0.963857] ehci_hcd: USB 2.0 'Enhanced' Host Controller (EHCI) Driver
[    0.964803] ehci-pci: EHCI PCI platform driver
[    0.965536] ehci-platform: EHCI generic platform driver
[    0.966365] ohci_hcd: USB 1.1 'Open' Host Controller (OHCI) Driver
[    0.967552] ohci-pci: OHCI PCI platform driver
[    0.968272] ohci-platform: OHCI generic platform driver
[    0.969102] uhci_hcd: USB Universal Host Controller Interface driver
[    0.970100] i8042: PNP: PS/2 Controller [PNP0303:PS2K,PNP0f03:PS2M] at 0x60,0x64 irq 1,12
[    0.972168] serio: i8042 KBD port at 0x60,0x64 irq 1
[    0.973021] serio: i8042 AUX port at 0x60,0x64 irq 12
[    0.973961] mousedev: PS/2 mouse device common for all mice
[    0.975141] input: AT Translated Set 2 keyboard as /devices/platform/i8042/serio0/input/input2
[    0.976858] rtc_cmos rtc_cmos: rtc core: registered rtc_cmos as rtc0
[    0.977865] rtc_cmos rtc_cmos: alarms up to one day, 114 bytes nvram
[    0.978827] i2c /dev entries driver
[    0.979530] device-mapper: uevent: version 1.0.3
[    0.980348] device-mapper: ioctl: 4.34.0-ioctl (2015-10-28) initialised: dm-devel@redhat.com
[    0.981713] ledtrig-cpu: registered to indicate activity on CPUs
[    0.982964] NET: Registered protocol family 10
[    0.983847] NET: Registered protocol family 17
[    0.984783] Key type dns_resolver registered
[    0.985846] registered taskstats version 1
[    0.986631] Loading compiled-in X.509 certificates
[    0.987932] Loaded X.509 cert 'Build time autogenerated kernel key: cf00e047681d67edb2720680708b7d9498083038'
[    0.989562] zswap: loaded using pool lzo/zbud
[    0.991746] Key type trusted registered
[    0.994709] Key type encrypted registered
[    0.995431] AppArmor: AppArmor sha1 policy hashing enabled
[    0.996287] ima: No TPM chip found, activating TPM-bypass!
[    0.997258] ima: Allocated hash algorithm: sha1
[    0.998088] evm: HMAC attrs: 0x1
[    0.999026]   Magic number: 8:570:23
[    0.999759] rtc_cmos rtc_cmos: setting system clock to 2024-05-06 11:01:02 UTC (1714993262)
[    1.001167] BIOS EDD facility v0.16 2004-Jun-25, 0 devices found
[    1.002063] EDD information not available.
[    1.140252] Freeing unused kernel memory: 1492K
[    1.141091] Write protecting the kernel read-only data: 14336k
[    1.142365] Freeing unused kernel memory: 1584K
[    1.143315] Freeing unused kernel memory: 52K
Loading, please wait...
starting version 229
[    1.152345] random: systemd-udevd: uninitialized urandom read (16 bytes read, 3 bits of entropy available)
[    1.152910] random: udevadm: uninitialized urandom read (16 bytes read, 3 bits of entropy available)
[    1.152933] random: udevadm: uninitialized urandom read (16 bytes read, 3 bits of entropy available)
[    1.157858] random: systemd-udevd: uninitialized urandom read (16 bytes read, 3 bits of entropy available)
[    1.159912] random: systemd-udevd: uninitialized urandom read (16 bytes read, 3 bits of entropy available)
[    1.160879] random: udevadm: uninitialized urandom read (16 bytes read, 3 bits of entropy available)
[    1.160928] random: udevadm: uninitialized urandom read (16 bytes read, 3 bits of entropy available)
[    1.161065] random: udevadm: uninitialized urandom read (16 bytes read, 3 bits of entropy available)
[    1.161117] random: udevadm: uninitialized urandom read (16 bytes read, 3 bits of entropy available)
[    1.161170] random: udevadm: uninitialized urandom read (16 bytes read, 3 bits of entropy available)
[    1.205775] e1000: Intel(R) PRO/1000 Network Driver - version 7.3.21-k8-NAPI
[    1.207388] e1000: Copyright (c) 1999-2006 Intel Corporation.
[    1.208730] Fusion MPT base driver 3.04.20
[    1.210084] Copyright (c) 1999-2008 LSI Corporation
[    1.221191] Fusion MPT SPI Host driver 3.04.20
[    1.231122] AVX2 version of gcm_enc/dec engaged.
[    1.232310] AES CTR mode by8 optimization enabled
[    1.442101] input: ImExPS/2 Generic Explorer Mouse as /devices/platform/i8042/serio1/input/input4
[    1.897708] e1000 0000:00:03.0 eth0: (PCI:33MHz:32-bit) 02:be:82:6b:cc:1d
[    1.900945] e1000 0000:00:03.0 eth0: Intel(R) PRO/1000 Network Connection
[    1.906355] mptbase: ioc0: Initiating bringup
[    1.909893] e1000 0000:00:03.0 enp0s3: renamed from eth0
[    3.952783] ioc0: LSI53C1030 A0: Capabilities={Initiator}
[    6.897792] scsi host2: ioc0: LSI53C1030 A0, FwRev=00000000h, Ports=1, MaxQ=256, IRQ=20
[    9.863967] scsi 2:0:0:0: Direct-Access     VBOX     HARDDISK         1.0  PQ: 0 ANSI: 5
[    9.866692] scsi target2:0:0: Beginning Domain Validation
[    9.870419] scsi target2:0:0: Domain Validation skipping write tests
[    9.872086] scsi target2:0:0: Ending Domain Validation
[    9.873206] scsi target2:0:0: asynchronous
[    9.874767] scsi 2:0:1:0: Direct-Access     VBOX     HARDDISK         1.0  PQ: 0 ANSI: 5
[    9.876581] scsi target2:0:1: Beginning Domain Validation
[    9.878372] scsi target2:0:1: Domain Validation skipping write tests
[    9.879654] scsi target2:0:1: Ending Domain Validation
[    9.880792] scsi target2:0:1: asynchronous
[    9.885885] sd 2:0:0:0: [sda] 83886080 512-byte logical blocks: (42.9 GB/40.0 GiB)
[    9.886105] sd 2:0:0:0: Attached scsi generic sg0 type 0
[    9.898844] sd 2:0:1:0: Attached scsi generic sg1 type 0
[    9.899244] sd 2:0:1:0: [sdb] 20480 512-byte logical blocks: (10.5 MB/10.0 MiB)
[    9.899346] sd 2:0:1:0: [sdb] Write Protect is off
[    9.899504] sd 2:0:1:0: [sdb] Incomplete mode parameter data
[    9.899506] sd 2:0:1:0: [sdb] Assuming drive cache: write through
[    9.904682] sd 2:0:1:0: [sdb] Attached SCSI disk
[    9.907132] sd 2:0:0:0: [sda] Write Protect is off
[    9.908093] sd 2:0:0:0: [sda] Incomplete mode parameter data
[    9.908880] sd 2:0:0:0: [sda] Assuming drive cache: write through
[    9.910752]  sda: sda1
[    9.911703] sd 2:0:0:0: [sda] Attached SCSI disk
Begin: Loading essential drivers ... [   11.221447] md: linear personality registered for level -1
[   11.224249] md: multipath personality registered for level -4
[   11.226796] md: raid0 personality registered for level 0
[   11.230131] md: raid1 personality registered for level 1
[   11.299143] raid6: sse2x1   gen() 12578 MB/s
[   11.367332] raid6: sse2x1   xor()  5379 MB/s
[   11.435681] raid6: sse2x2   gen() 15979 MB/s
[   11.502887] raid6: sse2x2   xor()  6977 MB/s
[   11.571181] raid6: sse2x4   gen()  9684 MB/s
[   11.638636] raid6: sse2x4   xor() 10933 MB/s
[   11.706771] raid6: avx2x1   gen() 23597 MB/s
[   11.774879] raid6: avx2x2   gen() 26749 MB/s
[   11.843101] raid6: avx2x4   gen() 21069 MB/s
[   11.845043] raid6: using algorithm avx2x2 gen() 26749 MB/s
[   11.847165] raid6: using avx2x2 recovery algorithm
[   11.850098] xor: automatically using best checksumming function:
[   11.890666]    avx       : 19464.000 MB/sec
[   11.892482] async_tx: api initialized (async)
[   11.901192] md: raid6 personality registered for level 6
[   11.903693] md: raid5 personality registered for level 5
[   11.904593] md: raid4 personality registered for level 4
[   11.911065] md: raid10 personality registered for level 10
done.
Begin: Running /scripts/init-premount ... done.
Begin: Mounting root file system ... Begin: Running /scripts/local-top ... done.
Begin: Running /scripts/local-premount ... [   11.939802] Btrfs loaded
Scanning for Btrfs filesystems
done.
Warning: fsck not present, so skipping root file system
[   11.977115] EXT4-fs (sda1): mounted filesystem with ordered data mode. Opts: (null)
done.
Begin: Running /scripts/local-bottom ... done.
Begin: Running /scripts/init-bottom ... done.
[   12.038005] systemd[1]: systemd 229 running in system mode. (+PAM +AUDIT +SELINUX +IMA +APPARMOR +SMACK +SYSVINIT +UTMP +LIBCRYPTSETUP +GCRYPT +GNUTLS +ACL +XZ -LZ4 +SECCOMP +BLKID +ELFUTILS +KMOD -IDN)
[   12.040767] systemd[1]: Detected virtualization oracle.
[   12.041606] systemd[1]: Detected architecture x86-64.

Welcome to [1mUbuntu 16.04.7 LTS[0m!

[   12.044925] systemd[1]: Set hostname to <ubuntu>.
[   12.046566] systemd[1]: Initializing machine ID from random generator.
[   12.047491] systemd[1]: Installed transient /etc/machine-id file.
[   12.123554] systemd[1]: Created slice User and Session Slice.
[[0;32m  OK  [0m] Created slice User and Session Slice.
[   12.125247] systemd[1]: Set up automount Arbitrary Executable File Formats File System Automount Point.
[[0;32m  OK  [0m] Set up automount Arbitrary Executab...ats File System Automount Point.
[   12.127759] systemd[1]: Listening on Journal Audit Socket.
[[0;32m  OK  [0m] Listening on Journal Audit Socket.
[   12.135527] systemd[1]: Listening on Syslog Socket.
[[0;32m  OK  [0m] Listening on Syslog Socket.
[   12.136779] systemd[1]: Started Forward Password Requests to Wall Directory Watch.
[[0;32m  OK  [0m] Started Forward Password Requests to Wall Directory Watch.
[   12.138817] systemd[1]: Listening on udev Control Socket.
[[0;32m  OK  [0m] Listening on udev Control Socket.
[   12.140425] systemd[1]: Reached target Swap.
[[0;32m  OK  [0m] Reached target Swap.
[   12.141584] systemd[1]: Listening on fsck to fsckd communication Socket.
[[0;32m  OK  [0m] Listening on fsck to fsckd communication Socket.
[   12.143301] systemd[1]: Reached target Encrypted Volumes.
[[0;32m  OK  [0m] Reached target Encrypted Volumes.
[   12.144624] systemd[1]: Listening on LVM2 metadata daemon socket.
[[0;32m  OK  [0m] Listening on LVM2 metadata daemon socket.
[   12.145976] systemd[1]: Reached target System Time Synchronized.
[[0;32m  OK  [0m] Reached target System Time Synchronized.
[   12.147621] systemd[1]: Listening on LVM2 poll daemon socket.
[[0;32m  OK  [0m] Listening on LVM2 poll daemon socket.
[   12.149050] systemd[1]: Reached target User and Group Name Lookups.
[[0;32m  OK  [0m] Reached target User and Group Name Lookups.
[   12.150927] systemd[1]: Listening on Journal Socket.
[[0;32m  OK  [0m] Listening on Journal Socket.
[   12.152461] systemd[1]: Created slice System Slice.
[[0;32m  OK  [0m] Created slice System Slice.
[   12.171502] systemd[1]: Starting Load Kernel Modules...
         Starting Load Kernel Modules...
[   12.173117] systemd[1]: Created slice system-serial\x2dgetty.slice.
[[0;32m  OK  [0m] Created slice system-serial\x2dgetty.slice.
[   12.175464] systemd[1]: Starting Uncomplicated firewall...
         Starting Uncomplicated firewall...
[   12.177538] systemd[1]: Starting Create list of required static device nodes for the current kernel...
[   12.179447] Loading iSCSI transport class v2.0-870.
         Starting Create list of required st... nodes for the current kernel...
[   12.181264] systemd[1]: Reached target Slices.
[[0;32m  OK  [0m] Reached target Slices.
[   12.183136] systemd[1]: Starting File System Check on Root Device...
         Starting File System Check on Root Device...
[   12.185394] systemd[1]: Starting Nameserver information manager...
         Starting Nameserver information manager...
[   12.190394] systemd[1]: Mounting POSIX Message Queue File System...
         Mounting POSIX Message Queue File System...
[   12.193829] iscsi: registered transport (tcp)
[   12.195198] systemd[1]: Starting Set console keymap...
         Starting Set console keymap...
[   12.197535] systemd[1]: Listening on Journal Socket (/dev/log).
[[0;32m  OK  [0m] Listening on Journal Socket (/dev/log).
[   12.199579] systemd[1]: Mounting Debug File System...
         Mounting Debug File System...
[   12.201376] systemd[1]: Mounting Huge Pages File System...
         Mounting Huge Pages File System...
[   12.204325] systemd[1]: Started Trigger resolvconf update for networkd DNS.
[[0;32m  OK  [0m] Started Trigger resolvconf update for networkd DNS.
[   12.207099] systemd[1]: Listening on /dev/initctl Compatibility Named Pipe.
[[0;32m  OK  [0m] Listening on /dev/initctl Compatibility Named Pipe.
[   12.210347] systemd[1]: Starting Journal Service...
         Starting Journal Service...
[   12.211811] systemd[1]: Listening on Device-mapper event daemon FIFOs.
[[0;32m  OK  [0m] Listening on Device-mapper event daemon FIFOs.
[   12.219006] systemd[1]: Starting Monitoring of LVM2 mirrors, snapshots etc. using dmeventd or progress polling...
         Starting Monitoring of LVM2 mirrors... dmeventd or progress polling...
[   12.248034] systemd[1]: Listening on udev Kernel Socket.
[[0;32m  OK  [0m] Listening on udev Kernel Socket.
[   12.252030] systemd[1]: Mounted Huge Pages File System.
[[0;32m  OK  [0m] Mounted Huge Pages File System.
[   12.254005] systemd[1]: Mounted POSIX Message Queue File System.
[[0;32m  OK  [0m] Mounted POSIX Message Queue File System.
[   12.256202] systemd[1]: Mounted Debug File System.
[[0;32m  OK  [0m] Mounted Debug File System.
[   12.258176] systemd[1]: Started Journal Service.
[[0;32m  OK  [0m] Started Journal Service.
[   12.262121] iscsi: registered transport (iser)
[[0;32m  OK  [0m] Started Uncomplicated firewall.
[[0;32m  OK  [0m] Started Create list of required sta...ce nodes for the current kernel.
[[0;32m  OK  [0m] Started Load Kernel Modules.
[[0;32m  OK  [0m] Started File System Check on Root Device.
[[0;32m  OK  [0m] Started Set console keymap.
[[0;32m  OK  [0m] Started LVM2 metadata daemon.
[[0;32m  OK  [0m] Started File System Check Daemon to report status.
         Starting Remount Root and Kernel File Systems...
         Starting Apply Kernel Variables...
         Mounting FUSE Control File System...
         Starting Create Static Device Nodes in /dev...
[[0;32m  OK  [0[   12.299052] EXT4-fs (sda1): re-mounted. Opts: (null)
m] Mounted FUSE Control File System.
[[0;32m  OK  [0m] Started Nameserver information manager.
[[0;32m  OK  [0m] Started Remount Root and Kernel File Systems.
         Starting udev Coldplug all Devices...
         Starting Flush Journal to Persistent Storage...
         Starting Load/Save Random Seed...
[[0;32m  OK  [0m] Started Apply Kernel Variables.
[[0;32m  OK  [0m] Started Load/Save Random Seed.
[[0;32m  OK  [0m] Started Flush Journal to Persistent Storage.
[[0;32m  OK  [0m] Started Create Static Device Nodes in /dev.
         Starting udev Kernel Device Manager...
[[0;32m  OK  [0m] Started udev Kernel Device Manager.
[[0;32m  OK  [0m] Started udev Coldplug all Devices.
[[0;32m  OK  [0m] Started Dispatch Password Requests to Console Directory Watch.
[[0;32m  OK  [0m] Found device /dev/ttyS0.
[[0;32m  OK  [0m] Listening on Load/Save RF Kill Switch Status /dev/rfkill Watch.
[[0;32m  OK  [0m] Started Monitoring of LVM2 mirrors,...ng dmeventd or progress polling.
[[0;32m  OK  [0m] Reached target Local File Systems (Pre).
[[0;32m  OK  [0m] Reached target Local File Systems.
         Starting Initial cloud-init job (pre-networking)...
         Starting LSB: AppArmor initialization...
         Starting Set console font and keymap...
         Starting Commit a transient machine-id on disk...
         Starting Tell Plymouth To Write Out Runtime Data...
         Starting Create Volatile Files and Directories...
[[0;32m  OK  [0m] Started Create Volatile Files and Directories.
[[0;32m  OK  [0m] Started Commit a transient machine-id on disk.
[[0;32m  OK  [0m] Started Tell Plymouth To Write Out Runtime Data.
         Starting Update UTMP about System Boot/Shutdown...
[[0;32m  OK  [0m] Started Update UTMP about System Boot/Shutdown.
[[0;32m  OK  [0m] Started Set console font and keymap.
[[0;32m  OK  [0m] Created slice system-getty.slice.
[   13.872411] cloud-init[603]: Cloud-init v. 21.1-19-gbad84ad4-0ubuntu1~16.04.2 running 'init-local' at Mon, 06 May 2024 11:01:15 +0000. Up 13.47 seconds.
[[0;32m  OK  [0m] Started LSB: AppArmor initialization.
         Starting Load AppArmor profiles managed internally by snapd...
[[0;32m  OK  [0m] Started Load AppArmor profiles managed internally by snapd.
[[0;32m  OK  [0m] Started Initial cloud-init job (pre-networking).
[[0;32m  OK  [0m] Reached target Network (Pre).
         Starting Raise network interfaces...
[[0;32m  OK  [0m] Started Raise network interfaces.
[[0;32m  OK  [0m] Reached target Network.
         Starting Initial cloud-init job (metadata service crawler)...
[   14.777285] cloud-init[952]: Cloud-init v. 21.1-19-gbad84ad4-0ubuntu1~16.04.2 running 'init' at Mon, 06 May 2024 11:01:16 +0000. Up 14.44 seconds.
[   14.778695] cloud-init[952]: ci-info: ++++++++++++++++++++++++++++++++++++++Net device info++++++++++++++++++++++++++++++++++++++
[   14.784410] cloud-init[952]: ci-info: +--------+------+----------------------------+---------------+--------+-------------------+
[   14.792370] cloud-init[952]: ci-info: | Device |  Up  |          Address           |      Mask     | Scope  |     Hw-Address    |
[   14.800366] cloud-init[952]: ci-info: +--------+------+----------------------------+---------------+--------+-------------------+
[   14.808393] cloud-init[952]: ci-info: | enp0s3 | True |         10.0.2.15          | 255.255.255.0 | global | 02:be:82:6b:cc:1d |
[[0;32m  OK  [0m] Started Initial cloud-init job (metadata service crawler).
[[0;32m  OK  [0m] Reached target System Initialization.
[[0;32m  OK  [0m] Started Daily Cleanup of Temporary Directories.
[   14.822300] cloud-init[952]: ci-info: | enp0s3 | True | fe80::be:82ff:fe6b:cc1d/64 |       .       |  link  | 02:be:82:6b:cc:1d |
[   14.831265] cloud-init[952]: ci-info: |   lo   | True |         127.0.0.1          |   255.0.0.0   |  host  |         .         |
[   14.832386] cloud-init[952]: ci-info: |   lo   | True |          ::1/128           |       .       |  host  |         .         |
[   14.840596] cloud-init[952]: ci-info: +--------+------+----------------------------+---------------+--------+-------------------+
         Starting LXD - unix socket.
[[0;32m  OK  [0m] Started Ubuntu Advantage update messaging.
[   14.851001]          cloud-initStarting Socket activation for snappy daemon.[952]: 
ci-info: +++++++++++++++++++++++++++Route IPv4 info++++++++++++++++++++++++++++
[   14.855566] [cloud-init[0;32m  OK  [0m[952]: ] ci-info: +-------+-------------+----------+---------------+-----------+-------+Started Daily apt download activities.

[   14.857932] [[0;32m  OK  [0m] Listening on UUID daemon activation socket.
[[0;32m  OK  [0m] Listening on D-Bus System Message Bus Socket.
cloud-init[952]: ci-info: | Route | Destination | Gateway  |    Genmask    | Interface | Flags |
[   14.862705] [[0;32m  OK  [0m] Started ACPI Events Check.
[[0;32m  OK  [0m] Reached target Paths.
[[0;32m  OK  [0m] Listening on ACPID Listen Socket.
[[0;32m  OK  [0m] Started Daily apt upgrade and clean activities.
[[0;32m  OK  [0m] Started Message of the Day.
[[0;32m  OK  [0m] Reached target Timers.
[[0;32m  OK  [0m] Reached target Cloud-config availability.
[[0;32m  OK  [0m] Reached target Network is Online.
cloud-init[952]: ci-info: +-------+-------------+----------+---------------+-----------+-------+
[   14.872654] cloud-init[952]: ci-info: |   0   |   0.0.0.0   | 10.0.2.2 |    0.0.0.0    |   enp0s3  |   UG  |
[   14.875124] cloud-init[952]: ci-info: |   1   |   10.0.2.0  | 0.0.0.0  | 255.255.255.0 |   enp0s3  |   U   |
[   14.877687] cloud-init[952]: ci-info: +-------+-------------+----------+---------------+-----------+-------+
[   14.880259] cloud-init[952]: ci-info: +++++++++++++++++++Route IPv6 info+++++++++++++++++++
[   14.882482] cloud-init[952]: ci-info: +-------+-------------+---------+-----------+-------+         Starting iSCSI initiator daemon (iscsid)...
[[0;32m  OK  [0m] Listening on LXD - unix socket.
[[0;32m  OK  [0m] Listening on Socket activation for snappy daemon.
[[0;32m  OK  [0m] Reached target Sockets.
[[0;32m  OK  [0m] Reached target Basic System.

[   14.889734] [[0;32m  OK  [0m] Started D-Bus System Message Bus.
cloud-init[952]: ci-info: | Route | Destination | Gateway | Interface | Flags |
[   14.892718] cloud-init[952]: ci-info: +-------+-------------+---------+-----------+-------+
[   14.893713] cloud-init[952]: ci-info: |   0   |  fe80::/64  |    ::   |   enp0s3  |   U   |
[   14.894779] cloud-init[952]: ci-info: |   3   |   ff00::/8  |    ::   |   enp0s3  |   U   |
[   14.896420] cloud-init[952]: ci-info: +-------+-------------+---------+-----------+-------+
[   14.908452] cloud-init[952]: Generating public/private rsa key pair.
[   14.909295] cloud-init[952]: Your identification has been saved in /etc/ssh/ssh_host_rsa_key.
[   14.910329] cloud-init[952]: Your public key has been saved in /etc/ssh/ssh_host_rsa_key.pub.
[   14.911333] cloud-init[952]: The key fingerprint is:
[   14.912072] cloud-init[952]: SHA256:Jr84UaH4ozFM9RUpnMRhb135S5iF5fhgo6b6O25aoA8 root@ubuntu-xenial
[   14.913057] cloud-init[952]: The key's randomart image is:
[   14.913822] cloud-init[952]: +---[RSA 2048]----+
[   14.914478] cloud-init[952]: |       ++o.o  +o |
[   14.915458] cloud-init[952]: |      ..*.o. o+. |
[   14.916378] cloud-init[952]: |     o o +o .=+o |
[   14.917274] cloud-init[952]: |    o . o.  oo+..|
[   14.918555] cloud-init[952]: |   o ..oS  o  ...|
[   14.919202] cloud-init[952]: |    + =+. o    . |
[   14.919824] cloud-init[952]: |     E o.o       |
[   14.920468] cloud-init[952]: |    . +.o+       |
[   14.921116] cloud-init[952]: |      .=*+o      |
[   14.921826] cloud-init[952]: +----[SHA256]-----+
[   14.922517] cloud-init[952]: Generating public/private dsa key pair.
[   14.923741] cloud-init[952]: Your identification has been saved in /etc/ssh/ssh_host_dsa_key.
[   14.925975] cloud-init[952]: Your public key has been saved in /etc/ssh/ssh_host_dsa_key.pub.
[   14.928243]          cloud-initStarting Pollinate to seed the pseudo random number generator...[952]: 
The key fingerprint is:
[   14.933694] cloud-init         Starting LXD - container startup/shutdown...
[952]:          Starting /etc/rc.local Compatibility...
SHA256:KLve4zz8G2SC3ZgGRgXHmUoYeZ4teQuHxZQqQM1VazQ root@ubuntu-xenial
[[0;32m  OK  [0m] Started Regular background program processing daemon.
         Starting LSB: MD monitoring daemon...
         Starting LSB: Record successful boot for GRUB...
         Starting System Logging Service...
         Starting Accounts Service...
         Starting Snap Daemon...
[[0;32m  OK  [0m] Started Deferred execution scheduler.
         Starting Login Service...
[[0;32m  OK  [0m] Started FUSE filesystem for LXC.
[   14.958269] cloud-init[952]: The key's randomart image is:
[   14.973599] [[0;32m  OK  [0m] Started ACPI event daemon.
cloud-init[952]:          Starting Virtualbox guest utils...
[[0;32m  OK  [0m] Started /etc/rc.local Compatibility.
+---[DSA 1024]----+
[[0;32m  OK  [0m] Started iSCSI initiator daemon (iscsid).
         Starting Login to default iSCSI targets...
[   14.988529] [cloud-init[0;32m  OK  [0m[952]: ] |..+++B=E         |Started System Logging Service.

[[0;32m  OK  [0m] Started Login Service.
[[0;32m  OK  [0m] Started Login to default iSCSI targets.
[[0;32m  OK  [0m] Reached target Remote File Systems (Pre).
[[0;32m  OK  [0m] Reached target Remote File Systems.
[   15.013461] cloud-init[952]: |. o+o.O o        |
[   15.029805] cloud-init[952]: | . +oO o         |
[   15.030924] cloud-init[952]: |  ..X+==         |
[   15.034728] cloud-init[952]: |   .o=B.S        |
[   15.035838] cloud-init[952]: |     +.+         |
[   15.040237] cloud-init[952]: |    ..  .        |
         Starting LSB: automatic crash report generation...
         Starting Permit User Sessions...
         Starting LSB: daemon to balance interrupts for SMP systems...
[   15.041038] cloud-init[952]: |     ++  .       |
         Starting LSB: Set the CPU Frequency Scaling governor to "ondemand"...
[[0;32m  OK  [0m] Started Unattended Upgrades Shutdown.
[[0;32m  OK  [0m] Started LSB: MD monitoring daemon.
[[0;32m  OK  [0m] Started LSB: Record successful boot for GRUB.
[[0;32m  OK  [0m] Started Permit User Sessions.
[   15.056642] cloud-init[952]: |   .o.++o.       |
         Starting Hold until boot process finishes up...
         Starting Terminate Plymouth Boot Screen...
[[0;32m  OK  [0m] Started Hold until boot process finishes up.
[   15.097810] cloud-init[952]: +----[SHA256]-----+
[   15.123957] cloud-init[952]: Generating public/private ecdsa key pair.
[[0;32m  OK  [0m] Started Serial Getty on ttyS0.
[   15.140437] cloud-init[952]: Your identification has been saved in /etc/ssh/ssh_host_ecdsa_key.         Starting Set console scheme...
[[0;32m  OK  [0m] Started Getty on tty1.
[[0;32m  OK  [0m] Reached target Login Prompts.

[   15.150474] [[0;32m  OK  [0m] Started Terminate Plymouth Boot Screen.
cloud-init[952]: Your public key has been saved in /etc/ssh/ssh_host_ecdsa_key.pub.
[   15.153141] cloud-init[952]: The key fingerprint is:[[0;32m  OK  [0m] Started Set console scheme.

         Starting Authenticate and Authorize Users to Run Privileged Tasks...
[   15.164734] cloud-init[952]: SHA256:UXev+FdGzsTuFU88J11dNWt+ID6k3ktuzHCX6Vmp93I root@ubuntu-xenial
[   15.169917] cloud-init[[0;32m  OK  [0m] Started LSB: Set the CPU Frequency Scaling governor to "ondemand".
[[0;32m  OK  [0m] Started LSB: automatic crash report generation.
[952]: The key's randomart image is:
[   15.191661] cloud-init[952]: +---[ECDSA 256]---+
[   15.198554] cloud-init[952]: |          . . ..B|
[[0;32m  OK  [0m] Started LSB: daemon to balance interrupts for SMP systems.
[[0;32m  OK  [0m] Started LXD - container startup/shutdown.
[   15.204060] cloud-init[952]: |         . . . ==|
[   15.211436] cloud-init[952]: |        .   o o=X|
[   15.212704] cloud-init[952]: |         . + oo@=|
[   15.219440] cloud-init[[0;32m  OK  [0m] Started Authenticate and Authorize Users to Run Privileged Tasks.
[952]: |        S . + .+@|
[   15.226314] cloud-init[952]: |         ....o++=|
[   15.227489] [[0;32m  OK  [0m] Started Accounts Service.
cloud-init[952]: |          .=ooooo|
[   15.229707] cloud-init[952]: |           o+o+oE|
[   15.234496] cloud-init[952]: [[0;32m  OK  [0m] Started Virtualbox guest utils.
|           .o .oo|
[   15.249173] cloud-init[952]: +----[SHA256]-----+
[   15.250159] cloud-init[952]: Generating public/private ed25519 key pair.
[   15.251472] cloud-init[952]: Your identification has been saved in /etc/ssh/ssh_host_ed25519_key.
[   15.253040] cloud-init[952]: Your public key has been saved in /etc/ssh/ssh_host_ed25519_key.pub.
[   15.254656] cloud-init[952]: The key fingerprint is:
[   15.263189] cloud-init[952]: SHA256:DBcAOv8TjkiaQS00Mc4gusk6ARRjpJ2mjgEn5/UtcrQ root@ubuntu-xenial
[   15.264754] cloud-init[952]: The key's randomart image is:
[   15.265655] cloud-init[952]: +--[ED25519 256]--+
[   15.266651] cloud-init[952]: |+@o .....        |
[   15.267289] cloud-init[952]: |@.=o     .       |
[   15.268140] cloud-init[952]: |*=O.. o .        |
[   15.269018] cloud-init[952]: |=X.+ o *         |
[   15.269855] cloud-init[952]: |B.o o E S        |
[   15.270574] cloud-init[952]: |+B . * o         |
[   15.272035] cloud-init[952]: |*.. . +          |
[   15.276666] cloud-init[952]: | .     .         |
[   15.281817] cloud-init[952]: |                 |
[   15.282460] cloud-init[952]: +----[SHA256]-----+
[[0;32m  OK  [0m] Started Snap Daemon.
         Starting Wait until snapd is fully seeded...
[[0;32m  OK  [0m] Started Pollinate to seed the pseudo random number generator.
         Starting OpenBSD Secure Shell server...
[[0;32m  OK  [0m] Started OpenBSD Secure Shell server.
[[0;32m  OK  [0m] Started Wait until snapd is fully seeded.
[[0;32m  OK  [0m] Reached target Multi-User System.
[[0;32m  OK  [0m] Reached target Graphical Interface.
         Starting Update UTMP about System Runlevel Changes...
         Starting Apply the settings specified in cloud-config...
[[0;32m  OK  [0m] Started Update UTMP about System Runlevel Changes.
[   16.898330] cloud-init[1305]: Generating locales (this might take a while)...
[   17.798441] cloud-init[1305]:   en_US.UTF-8... done
[   17.799481] cloud-init[1305]: Generation complete.
[   18.079882] cloud-init[1305]: Cloud-init v. 21.1-19-gbad84ad4-0ubuntu1~16.04.2 running 'modules:config' at Mon, 06 May 2024 11:01:18 +0000. Up 16.81 seconds.
[[0;32m  OK  [0m] Started Apply the settings specified in cloud-config.
         Starting Execute cloud user/final scripts...
[[0;32m  OK  [0m] Created slice User Slice of vagrant.
         Starting User Manager for UID 1000...
[[0;32m  OK  [0m] Started Session 1 of user vagrant.
[[0;32m  OK  [0m] Started User Manager for UID 1000.
ci-info: no authorized SSH keys fingerprints found for user ubuntu.
<14>May  6 11:01:20 ec2: 
<14>May  6 11:01:20 ec2: #############################################################
<14>May  6 11:01:20 ec2: -----BEGIN SSH HOST KEY FINGERPRINTS-----
<14>May  6 11:01:20 ec2: 1024 SHA256:KLve4zz8G2SC3ZgGRgXHmUoYeZ4teQuHxZQqQM1VazQ root@ubuntu-xenial (DSA)
<14>May  6 11:01:20 ec2: 256 SHA256:UXev+FdGzsTuFU88J11dNWt+ID6k3ktuzHCX6Vmp93I root@ubuntu-xenial (ECDSA)
<14>May  6 11:01:20 ec2: 256 SHA256:DBcAOv8TjkiaQS00Mc4gusk6ARRjpJ2mjgEn5/UtcrQ root@ubuntu-xenial (ED25519)
<14>May  6 11:01:20 ec2: 2048 SHA256:Jr84UaH4ozFM9RUpnMRhb135S5iF5fhgo6b6O25aoA8 root@ubuntu-xenial (RSA)
<14>May  6 11:01:20 ec2: -----END SSH HOST KEY FINGERPRINTS-----
<14>May  6 11:01:20 ec2: #############################################################
-----BEGIN SSH HOST KEY KEYS-----
ecdsa-sha2-nistp256 AAAAE2VjZHNhLXNoYTItbmlzdHAyNTYAAAAIbmlzdHAyNTYAAABBBJQlB+pr7rVrmpU0RdGgsogIZGDEnJ24B2yZEjh9RjVhvui9ExPHaVALacWHFBYyNRlYM6vw5AG3um1gLuWwlIw= root@ubuntu-xenial
ssh-ed25519 AAAAC3NzaC1lZDI1NTE5AAAAIDqDSqtZ59B/ynhvS7GE7Z7do8Hfs3wyFEBXIBPIbCp7 root@ubuntu-xenial
ssh-rsa AAAAB3NzaC1yc2EAAAADAQABAAABAQDPD/zJErOtP0NHNZ2FqnXV/0iOY0HiRBzUJUAtUobZd97jqF5JoLrqnu8epli4TeUSkvi2FF4jVA65jfQ047glC5ev96xHdd3Cu7TmZnUou3N97b/VWiSIY+UccNdrGrVYoe5AIuQbuu7aZXlw0aSR5n0DrES9/ZrA41OaC08S4scojfXN9wM3GoHd+gn9TD4tbJ7m/cof3+FYnsFJ05iP6LDaOhoE5aIHwB3deExUuHLazbsdyOKBhzctgmiH1Ocxo+Y55fdRuuNnau9N67sUJSrk55ZvbkKpvdHedMXqh3J3tTYWg9k/xJ5Evx5yhmlZZi0CcSkeaPPXl8NykwXF root@ubuntu-xenial
-----END SSH HOST KEY KEYS-----
[   18.600743] cloud-init[1346]: Cloud-init v. 21.1-19-gbad84ad4-0ubuntu1~16.04.2 running 'modules:final' at Mon, 06 May 2024 11:01:20 +0000. Up 18.40 seconds.
[   18.602264] cloud-init[1346]: ci-info: no authorized SSH keys fingerprints found for user ubuntu.
[   18.603302] cloud-init[1346]: Cloud-init v. 21.1-19-gbad84ad4-0ubuntu1~16.04.2 finished at Mon, 06 May 2024 11:01:20 +0000. Datasource DataSourceNoCloud [seed=/dev/sdb][dsmode=net].  Up 18.59 seconds
[[0;32m  OK  [0m] Started Execute cloud user/final scripts.
[[0;32m  OK  [0m] Reached target Cloud-init target.

Ubuntu 16.04.7 LTS ubuntu-xenial ttyS0

ubuntu-xenial login: 